// Jest Snapshot v1, https://goo.gl/fbAQLP

exports[`should renders app 1`] = `ShallowWrapper {}`;
